test_checkpoint_policy_never_advertises_unavailable_target_execution (tests.test_review_protocol_repair.ReviewProtocolRepairTests) ... ok
test_confirmed_counterexample_cannot_be_corrected_into_acceptance (tests.test_review_protocol_repair.ReviewProtocolRepairTests) ... ok
test_exhausted_protocol_budget_never_reduces_the_denominator (tests.test_review_protocol_repair.ReviewProtocolRepairTests) ... ok
test_explicit_call_cap_still_limits_protocol_correction (tests.test_review_protocol_repair.ReviewProtocolRepairTests) ... ok
test_formal_contract_checkpoint_guidance_has_only_closed_mechanical_and_clause_shapes (tests.test_review_protocol_repair.ReviewProtocolRepairTests) ... ok
test_invalid_json_and_wrong_checkpoint_probe_receive_bounded_correction (tests.test_review_protocol_repair.ReviewProtocolRepairTests) ... ok
test_model_identity_mismatch_is_not_retried_or_counted (tests.test_review_protocol_repair.ReviewProtocolRepairTests) ... ok
test_parallel_reviewers_only_see_their_own_previous_response (tests.test_review_protocol_repair.ReviewProtocolRepairTests) ... ok
test_provider_failure_is_not_retried_as_a_ballot_defect (tests.test_review_protocol_repair.ReviewProtocolRepairTests) ... ok
test_valid_abstention_is_preserved_without_protocol_retry_or_acceptance (tests.test_review_protocol_repair.ReviewProtocolRepairTests) ... ok
test_zero_transport_retries_still_corrects_missing_search_with_exact_context (tests.test_review_protocol_repair.ReviewProtocolRepairTests) ... ok
test_binder_shapes_use_hash_bound_accepted_formulas_and_universal_arity (tests.test_review_protocol_repair.TargetAssignmentGuidanceTests) ... ok
test_changed_expression_bytes_and_infrastructure_fail_immediately (tests.test_review_protocol_repair.TargetAssignmentGuidanceTests) ... ok
test_opaque_metadata_witness_and_unsupported_residuals_have_no_target_hint (tests.test_review_protocol_repair.TargetAssignmentGuidanceTests) ... ok
test_published_templates_and_wire_examples_use_closed_probe_syntax (tests.test_review_protocol_repair.TargetAssignmentGuidanceTests) ... ok
test_acceptance_escalates_through_every_tier_and_gates_release (tests.test_providers_review.ProviderReviewTests) ... ok
test_credential_material_in_outbound_prompt_is_refused (tests.test_providers_review.ProviderReviewTests) ... ok
test_credential_store_never_reveals_secrets (tests.test_providers_review.ProviderReviewTests) ... ok
test_full_run_with_agents_for_every_role_and_review_gates (tests.test_providers_review.ProviderReviewTests) ... ok
test_incompatible_profile_fails_explicitly (tests.test_providers_review.ProviderReviewTests) ... ok
test_interpreter_agent_proposal_is_validated_and_secret_free (tests.test_providers_review.ProviderReviewTests) ... ok
test_late_rejection_triggers_repair_and_restart_at_first_tier (tests.test_providers_review.ProviderReviewTests) ... ok
test_lower_tier_rejection_prevents_escalation (tests.test_providers_review.ProviderReviewTests) ... ok
test_malformed_ballots_never_pass (tests.test_providers_review.ProviderReviewTests) ... ok
test_providers_check_offline_makes_no_requests_and_live_authenticates (tests.test_providers_review.ProviderReviewTests) ... ok
test_unanimous_accept_cannot_override_a_failed_checker (tests.test_providers_review.ProviderReviewTests) ... ok
test_unset_model_never_substitutes (tests.test_providers_review.ProviderReviewTests) ... ok
test_accepted_ballot_must_construct_a_probe (tests.test_review_counterexample_workflow.CounterexampleBallotUnitTests) ... ok
test_candidate_finding_must_be_one_of_the_constructed_probes (tests.test_review_counterexample_workflow.CounterexampleBallotUnitTests) ... ok
test_repeated_or_over_budget_probes_cannot_complete_search (tests.test_review_counterexample_workflow.CounterexampleBallotUnitTests) ... ok
test_reported_search_count_must_equal_constructed_probes (tests.test_review_counterexample_workflow.CounterexampleBallotUnitTests) ... ok
test_speculative_rejection_is_not_a_valid_ballot (tests.test_review_counterexample_workflow.CounterexampleBallotUnitTests) ... ok
test_changed_counterexample_receipt_cannot_re_tally (tests.test_review_counterexample_workflow.CounterexampleReviewWorkflowTests) ... ok
test_confirmed_false_target_case_rejects_without_escalation (tests.test_review_counterexample_workflow.CounterexampleReviewWorkflowTests) ... ok
test_confirmed_probe_overrides_reported_acceptance (tests.test_review_counterexample_workflow.CounterexampleReviewWorkflowTests) ... ok
test_every_tier_and_instance_constructs_probes_before_acceptance (tests.test_review_counterexample_workflow.CounterexampleReviewWorkflowTests) ... ok
test_rehashed_false_receipt_still_fails_independent_replay (tests.test_review_counterexample_workflow.CounterexampleReviewWorkflowTests) ... ok
test_unreproduced_target_candidate_becomes_abstention (tests.test_review_counterexample_workflow.CounterexampleReviewWorkflowTests) ... ok
test_unsupported_declaration_target_replay_stays_incomplete (tests.test_review_counterexample_workflow.CounterexampleReviewWorkflowTests) ... ok
test_vague_blocking_reject_is_incomplete_not_a_confirmed_rejection (tests.test_review_counterexample_workflow.CounterexampleReviewWorkflowTests) ... ok
test_changed_reviewer_policy_and_pinned_response_identity_invalidate_review (tests.test_vscore_review.VSCoreReviewIntegration) ... FAIL
test_fresh_verifies_change_raw_inventory_but_reuse_validated_projection_target (tests.test_vscore_review.VSCoreReviewIntegration) ... FAIL
test_one_command_run_accepts_all_configured_checkpoints_without_retargeting_prior_votes (tests.test_vscore_review.VSCoreReviewIntegration) ... FAIL
test_unsubstantiated_rejection_is_incomplete_preserves_e2e_and_prevents_python_repair (tests.test_vscore_review.VSCoreReviewIntegration) ... FAIL
test_build_wall_time_mapping_is_explicit_and_unknown_execution_fields_block (tests.test_vscore_review.VSCoreReviewProjectionUnits) ... ok
test_finalize_requires_a_snapshot_and_rechecks_currency_after_review (tests.test_vscore_review.VSCoreReviewProjectionUnits) ... ok
test_historical_vscore_report_stays_recorded_when_claims_are_missing_or_unreadable (tests.test_vscore_review.VSCoreReviewProjectionUnits) ... ok
test_internal_pending_claim_vetoes_unanimous_review (tests.test_vscore_review.VSCoreReviewProjectionUnits) ... ok
test_legacy_result_adapter_is_closed_and_preserves_environment_scope_trust_invocation (tests.test_vscore_review.VSCoreReviewProjectionUnits) ... ok
test_malformed_pinned_model_configuration_is_rejected (tests.test_vscore_review.VSCoreReviewProjectionUnits) ... ok
test_metadata_rerun_keeps_target_and_semantic_change_invalidates_it (tests.test_vscore_review.VSCoreReviewProjectionUnits) ... ok
test_model_identity_policy_is_frozen_before_responses (tests.test_vscore_review.VSCoreReviewProjectionUnits) ... ok
test_only_explicit_metadata_paths_are_excluded (tests.test_vscore_review.VSCoreReviewProjectionUnits) ... ok
test_target_has_exact_non_circular_inputs (tests.test_vscore_review.VSCoreReviewProjectionUnits) ... ok
test_vscore_inspection_marks_recorded_gate_while_legacy_output_is_preserved (tests.test_vscore_review.VSCoreReviewProjectionUnits) ... ok

======================================================================
FAIL: test_changed_reviewer_policy_and_pinned_response_identity_invalidate_review (tests.test_vscore_review.VSCoreReviewIntegration)
----------------------------------------------------------------------
Traceback (most recent call last):
  File "/home/augustus/VeriSlop_CLI/tests/test_vscore_review.py", line 335, in test_changed_reviewer_policy_and_pinned_response_identity_invalidate_review
    self.assertEqual(code, 0, accepted)
AssertionError: 3 != 0 : {'artifacts': {'consensus_certificate': 'reviews/rc-0001-20261008T075302Z-db13f4/consensus-certificate.json'}, 'asserts_closure_verified': False, 'command': 'review', 'diagnostics': [{'claims': [], 'code': 'PROVIDER_FAILURE', 'message': 'tier release: required reviewers could not run: provider mock (network): provider connection failed; transport details suppressed', 'obligations': [], 'severity': 'infrastructure'}], 'gate': 'every configured review tier accepted the same release candidate', 'status': 'INFRASTRUCTURE_FAILURE', 'summary': {'campaign': 'rc-0001-20261008T075302Z-db13f4', 'final': 'INCOMPLETE', 'repair_rounds': 0}}

======================================================================
FAIL: test_fresh_verifies_change_raw_inventory_but_reuse_validated_projection_target (tests.test_vscore_review.VSCoreReviewIntegration)
----------------------------------------------------------------------
Traceback (most recent call last):
  File "/home/augustus/VeriSlop_CLI/tests/test_vscore_review.py", line 290, in test_fresh_verifies_change_raw_inventory_but_reuse_validated_projection_target
    self.assertEqual(code, 0, accepted)
AssertionError: 3 != 0 : {'artifacts': {'consensus_certificate': 'reviews/rc-0001-20261008T075341Z-2bc5fe/consensus-certificate.json'}, 'asserts_closure_verified': False, 'command': 'review', 'diagnostics': [{'claims': [], 'code': 'PROVIDER_FAILURE', 'message': 'tier release: required reviewers could not run: provider mock (network): provider connection failed; transport details suppressed', 'obligations': [], 'severity': 'infrastructure'}], 'gate': 'every configured review tier accepted the same release candidate', 'status': 'INFRASTRUCTURE_FAILURE', 'summary': {'campaign': 'rc-0001-20261008T075341Z-2bc5fe', 'final': 'INCOMPLETE', 'repair_rounds': 0}}

======================================================================
FAIL: test_one_command_run_accepts_all_configured_checkpoints_without_retargeting_prior_votes (tests.test_vscore_review.VSCoreReviewIntegration)
----------------------------------------------------------------------
Traceback (most recent call last):
  File "/home/augustus/VeriSlop_CLI/tests/test_vscore_review.py", line 358, in test_one_command_run_accepts_all_configured_checkpoints_without_retargeting_prior_votes
    self.assertEqual(code, 0, (result, output))
AssertionError: 3 != 0 : ({'artifacts': {'obligation_view': 'obligation-view.json', 'package': '/tmp/verislop-test-3k021nuj/all-checkpoint-runs/all-checkpoints', 'report': 'report.json'}, 'asserts_closure_verified': False, 'command': 'run', 'diagnostics': [{'claims': [], 'code': 'PROVIDER_FAILURE', 'message': 'tier release: required reviewers could not run: provider mock (network): provider connection failed; transport details suppressed', 'obligations': [], 'severity': 'infrastructure'}, {'claims': [], 'code': 'VERIFIER_NOT_RUN', 'message': 'no frozen challenge; run `verislop formalize` first', 'obligations': [], 'severity': 'blocking'}, {'claims': [], 'code': 'VERIFIER_NOT_RUN', 'message': 'the implementation phase has not started (no frozen implementation claims)', 'obligations': [], 'severity': 'blocking'}, {'claims': ['CLOSURE:endpoint'], 'code': 'ORPHAN_CLAIM', 'message': 'required finalization claim CLOSURE:endpoint is absent or invalid', 'obligations': [], 'severity': 'blocking'}, {'claims': ['CLOSURE:clean-builds'], 'code': 'ORPHAN_CLAIM', 'message': 'required finalization claim CLOSURE:clean-builds is absent or invalid', 'obligations': [], 'severity': 'blocking'}, {'claims': ['CLOSURE:provenance'], 'code': 'ORPHAN_CLAIM', 'message': 'required finalization claim CLOSURE:provenance is absent or invalid', 'obligations': [], 'severity': 'blocking'}, {'claims': ['CLOSURE:determinism'], 'code': 'ORPHAN_CLAIM', 'message': 'required finalization claim CLOSURE:determinism is absent or invalid', 'obligations': [], 'severity': 'blocking'}, {'claims': [], 'code': 'REVIEW_INCOMPLETE', 'message': 'interpretation review final decision: INCOMPLETE', 'obligations': [], 'severity': 'blocking'}, {'claims': [], 'code': 'REVIEW_NOT_RUN', 'message': 'review checkpoint formal_contract is configured as a release gate but has not run', 'obligations': [], 'severity': 'blocking'}, {'claims': [], 'code': 'REVIEW_NOT_RUN', 'message': 'review checkpoint implementation is configured as a release gate but has not run', 'obligations': [], 'severity': 'blocking'}, {'claims': [], 'code': 'REVIEW_NOT_RUN', 'message': 'review checkpoint release is configured as a release gate but has not run', 'obligations': [], 'severity': 'blocking'}], 'gate': 'closure VERIFIED under the declared trust boundary', 'status': 'INFRASTRUCTURE_FAILURE', 'summary': {'active_package': '/tmp/verislop-test-3k021nuj/all-checkpoint-runs/all-checkpoints', 'closure_root': None, 'failed_stage_diagnostics': [{'claims': [], 'code': 'PROVIDER_FAILURE', 'message': 'tier release: required reviewers could not run: provider mock (network): provider connection failed; transport details suppressed', 'obligations': [], 'severity': 'infrastructure'}], 'failed_stage_summary': {'campaign': 'rc-0001-20261008T075344Z-a1a654', 'final': 'INCOMPLETE', 'repair_rounds': 0}, 'package': '/tmp/verislop-test-3k021nuj/all-checkpoint-runs/all-checkpoints', 'qualified_result': 'INFRASTRUCTURE_FAILURE (PROVIDER_FAILURE); no verification success; claim failures also observed: ORPHAN_CLAIM, REVIEW_INCOMPLETE, REVIEW_NOT_RUN, VERIFIER_NOT_RUN', 'recovery': {'consumed_rounds': 0, 'enabled': False, 'exhausted': False, 'max_rounds': 0, 'packages': ['/tmp/verislop-test-3k021nuj/all-checkpoint-runs/all-checkpoints']}, 'root_package': '/tmp/verislop-test-3k021nuj/all-checkpoint-runs/all-checkpoints', 'run_id': 'all-checkpoints', 'stages': [{'codes': [], 'seconds': 0, 'stage': 'interpret', 'status': 'PASS'}, {'codes': ['PROVIDER_FAILURE'], 'seconds': 2, 'stage': 'review:interpretation', 'status': 'INFRASTRUCTURE_FAILURE'}], 'stopped_at': 'review:interpretation', 'terminal_status': 'INFRASTRUCTURE_FAILURE'}}, '----------------------------------------\nException occurred during processing of request from (\'127.0.0.1\', 56490)\nTraceback (most recent call last):\n  File "/home/augustus/anaconda3/lib/python3.10/socketserver.py", line 683, in process_request_thread\n    self.finish_request(request, client_address)\n  File "/home/augustus/anaconda3/lib/python3.10/socketserver.py", line 360, in finish_request\n    self.RequestHandlerClass(request, client_address, self)\n  File "/home/augustus/anaconda3/lib/python3.10/socketserver.py", line 747, in __init__\n    self.handle()\n  File "/home/augustus/anaconda3/lib/python3.10/http/server.py", line 433, in handle\n    self.handle_one_request()\n  File "/home/augustus/anaconda3/lib/python3.10/http/server.py", line 421, in handle_one_request\n    method()\n  File "/home/augustus/VeriSlop_CLI/tests/helpers.py", line 188, in do_POST\n    text = mock.handler(system, user, req["model"])\n  File "/home/augustus/VeriSlop_CLI/tests/test_vscore_review.py", line 247, in handler\n    packet, _ = json.JSONDecoder().raw_decode(user.split("\\n", 1)[1].lstrip())\n  File "/home/augustus/anaconda3/lib/python3.10/json/decoder.py", line 355, in raw_decode\n    raise JSONDecodeError("Expecting value", s, err.value) from None\njson.decoder.JSONDecodeError: Expecting value: line 1 column 1 (char 0)\n----------------------------------------\n----------------------------------------\nException occurred during processing of request from (\'127.0.0.1\', 56504)\nTraceback (most recent call last):\n  File "/home/augustus/anaconda3/lib/python3.10/socketserver.py", line 683, in process_request_thread\n    self.finish_request(request, client_address)\n  File "/home/augustus/anaconda3/lib/python3.10/socketserver.py", line 360, in finish_request\n    self.RequestHandlerClass(request, client_address, self)\n  File "/home/augustus/anaconda3/lib/python3.10/socketserver.py", line 747, in __init__\n    self.handle()\n  File "/home/augustus/anaconda3/lib/python3.10/http/server.py", line 433, in handle\n    self.handle_one_request()\n  File "/home/augustus/anaconda3/lib/python3.10/http/server.py", line 421, in handle_one_request\n    method()\n  File "/home/augustus/VeriSlop_CLI/tests/helpers.py", line 188, in do_POST\n    text = mock.handler(system, user, req["model"])\n  File "/home/augustus/VeriSlop_CLI/tests/test_vscore_review.py", line 247, in handler\n    packet, _ = json.JSONDecoder().raw_decode(user.split("\\n", 1)[1].lstrip())\n  File "/home/augustus/anaconda3/lib/python3.10/json/decoder.py", line 355, in raw_decode\n    raise JSONDecodeError("Expecting value", s, err.value) from None\njson.decoder.JSONDecodeError: Expecting value: line 1 column 1 (char 0)\n----------------------------------------\n')

======================================================================
FAIL: test_unsubstantiated_rejection_is_incomplete_preserves_e2e_and_prevents_python_repair (tests.test_vscore_review.VSCoreReviewIntegration)
----------------------------------------------------------------------
Traceback (most recent call last):
  File "/home/augustus/VeriSlop_CLI/tests/test_vscore_review.py", line 318, in test_unsubstantiated_rejection_is_incomplete_preserves_e2e_and_prevents_python_repair
    self.assertEqual(code, 2, (rejected, output))
AssertionError: 3 != 2 : ({'artifacts': {'consensus_certificate': 'reviews/rc-0001-20261008T075346Z-123524/consensus-certificate.json'}, 'asserts_closure_verified': False, 'command': 'review', 'diagnostics': [{'claims': [], 'code': 'PROVIDER_FAILURE', 'message': 'tier release: required reviewers could not run: provider mock (network): provider connection failed; transport details suppressed', 'obligations': [], 'severity': 'infrastructure'}], 'gate': 'every configured review tier accepted the same release candidate', 'status': 'INFRASTRUCTURE_FAILURE', 'summary': {'campaign': 'rc-0001-20261008T075346Z-123524', 'final': 'INCOMPLETE', 'repair_rounds': 0}}, '----------------------------------------\nException occurred during processing of request from (\'127.0.0.1\', 56510)\nTraceback (most recent call last):\n  File "/home/augustus/anaconda3/lib/python3.10/socketserver.py", line 683, in process_request_thread\n    self.finish_request(request, client_address)\n  File "/home/augustus/anaconda3/lib/python3.10/socketserver.py", line 360, in finish_request\n    self.RequestHandlerClass(request, client_address, self)\n  File "/home/augustus/anaconda3/lib/python3.10/socketserver.py", line 747, in __init__\n    self.handle()\n  File "/home/augustus/anaconda3/lib/python3.10/http/server.py", line 433, in handle\n    self.handle_one_request()\n  File "/home/augustus/anaconda3/lib/python3.10/http/server.py", line 421, in handle_one_request\n    method()\n  File "/home/augustus/VeriSlop_CLI/tests/helpers.py", line 188, in do_POST\n    text = mock.handler(system, user, req["model"])\n  File "/home/augustus/VeriSlop_CLI/tests/test_vscore_review.py", line 247, in handler\n    packet, _ = json.JSONDecoder().raw_decode(user.split("\\n", 1)[1].lstrip())\n  File "/home/augustus/anaconda3/lib/python3.10/json/decoder.py", line 355, in raw_decode\n    raise JSONDecodeError("Expecting value", s, err.value) from None\njson.decoder.JSONDecodeError: Expecting value: line 1 column 1 (char 0)\n----------------------------------------\n----------------------------------------\nException occurred during processing of request from (\'127.0.0.1\', 56520)\nTraceback (most recent call last):\n  File "/home/augustus/anaconda3/lib/python3.10/socketserver.py", line 683, in process_request_thread\n    self.finish_request(request, client_address)\n  File "/home/augustus/anaconda3/lib/python3.10/socketserver.py", line 360, in finish_request\n    self.RequestHandlerClass(request, client_address, self)\n  File "/home/augustus/anaconda3/lib/python3.10/socketserver.py", line 747, in __init__\n    self.handle()\n  File "/home/augustus/anaconda3/lib/python3.10/http/server.py", line 433, in handle\n    self.handle_one_request()\n  File "/home/augustus/anaconda3/lib/python3.10/http/server.py", line 421, in handle_one_request\n    method()\n  File "/home/augustus/VeriSlop_CLI/tests/helpers.py", line 188, in do_POST\n    text = mock.handler(system, user, req["model"])\n  File "/home/augustus/VeriSlop_CLI/tests/test_vscore_review.py", line 247, in handler\n    packet, _ = json.JSONDecoder().raw_decode(user.split("\\n", 1)[1].lstrip())\n  File "/home/augustus/anaconda3/lib/python3.10/json/decoder.py", line 355, in raw_decode\n    raise JSONDecodeError("Expecting value", s, err.value) from None\njson.decoder.JSONDecodeError: Expecting value: line 1 column 1 (char 0)\n----------------------------------------\n')

----------------------------------------------------------------------
Ran 55 tests in 267.473s

FAILED (failures=4)
