test_actual_interpreter_prompt_example_has_no_dangling_ids (tests.test_agent_alignment.AgentAlignmentTests) ... ok
test_binding_manifest_uses_actual_ids_roles_and_blocked_constraints (tests.test_agent_alignment.AgentAlignmentTests) ... ok
test_dynamic_manifest_candidate_passes_and_unknown_n1_still_fails (tests.test_agent_alignment.AgentAlignmentTests) ... ok
test_formalize_repairs_receive_rejected_source_and_binding_without_rewriting (tests.test_agent_alignment.AgentAlignmentTests) ... ok
test_formalizer_receives_exact_prior_source_manifest_and_request (tests.test_agent_alignment.AgentAlignmentTests) ... ok
test_implementer_honors_explicit_call_cap_and_does_not_retry_infrastructure (tests.test_agent_alignment.AgentAlignmentTests) ... ok
test_implementer_receives_hash_bound_accepted_ast_and_full_profile (tests.test_agent_alignment.AgentAlignmentTests) ... ok
test_implementer_rejects_context_formula_different_from_accepted_ast (tests.test_agent_alignment.AgentAlignmentTests) ... ok
test_implementer_rejects_mutated_accepted_package_before_model_call (tests.test_agent_alignment.AgentAlignmentTests) ... ok
test_implementer_repairs_casefold_collision_in_unused_source_path (tests.test_agent_alignment.AgentAlignmentTests) ... ok
test_implementer_repairs_file_directory_prefix_collisions_in_both_orders (tests.test_agent_alignment.AgentAlignmentTests) ... ok
test_implementer_repairs_json_then_binding_schema_with_exact_previous_response (tests.test_agent_alignment.AgentAlignmentTests) ... ok
test_implementer_repairs_nul_in_unused_source_path (tests.test_agent_alignment.AgentAlignmentTests) ... ok
test_implementer_repairs_qualified_lean_name_instead_of_substituting_it (tests.test_agent_alignment.AgentAlignmentTests) ... ok
test_implementer_structural_failure_exhausts_finite_calls_without_fabricated_candidate (tests.test_agent_alignment.AgentAlignmentTests) ... ok
test_implementer_uses_shared_object_arity_and_scope_checks (tests.test_agent_alignment.AgentAlignmentTests) ... ok
test_literal_kind_role_pairs_and_complete_assumption_example_validate (tests.test_agent_alignment.AgentAlignmentTests) ... ok
test_malformed_sources_do_not_crash_before_bounded_repair (tests.test_agent_alignment.AgentAlignmentTests) ... ok
test_manifest_covers_duplicate_utf8_clauses_without_trusting_offsets (tests.test_agent_alignment.AgentAlignmentTests) ... ok
test_mismatched_manifest_quote_is_rejected_and_remains_uncovered (tests.test_agent_alignment.AgentAlignmentTests) ... ok
test_missing_assumption_supplier_is_repaired_without_dropping_assumption (tests.test_agent_alignment.AgentAlignmentTests) ... ok
test_published_ambiguity_entry_and_alternative_repair_remain_unresolved (tests.test_agent_alignment.AgentAlignmentTests) ... ok
test_recovery_parameters_do_not_mutate_an_already_frozen_challenge (tests.test_agent_alignment.AgentAlignmentTests) ... ok
test_slash_kind_repair_receives_exact_literals_and_schema_shapes (tests.test_agent_alignment.AgentAlignmentTests) ... ok
test_string_dependencies_are_repaired_using_schema_diagnostics (tests.test_agent_alignment.AgentAlignmentTests) ... ok
test_unknown_dependency_is_not_silently_deleted_and_repair_sees_exact_proposal (tests.test_agent_alignment.AgentAlignmentTests) ... ok
test_unparseable_formalizer_response_is_visible_during_repair (tests.test_agent_alignment.AgentAlignmentTests) ... ok
test_fenced_json_wrapper_is_supported (tests.test_prover_json_response.ProverJSONResponseTests) ... ok
test_json_looking_text_inside_raw_lean_does_not_replace_the_candidate (tests.test_prover_json_response.ProverJSONResponseTests) ... ok
test_legacy_lean_fence_still_returns_source (tests.test_prover_json_response.ProverJSONResponseTests) ... ok
test_legacy_raw_lean_preserved (tests.test_prover_json_response.ProverJSONResponseTests) ... ok
test_malformed_json_cannot_fall_back_to_injected_lean_fence (tests.test_prover_json_response.ProverJSONResponseTests) ... ok
test_malformed_structured_wrappers_remain_invalid_candidates (tests.test_prover_json_response.ProverJSONResponseTests) ... ok
test_native_json_wrapper_returns_exact_lean_source (tests.test_prover_json_response.ProverJSONResponseTests) ... ok
test_retry_shows_exact_latest_candidate_and_all_errors_despite_valid_baseline (tests.test_prover_json_response.ProverJSONResponseTests) ... ok
test_source_is_only_unwrapped_and_never_automatically_repaired (tests.test_prover_json_response.ProverJSONResponseTests) ... ok
test_explicit_candidate_failure_is_supplied_to_first_agent_attempt (tests.test_prover_feedback.ProverFeedbackTests) ... ok
test_infrastructure_failure_is_not_a_model_repair_or_silent_acceptance (tests.test_prover_feedback.ProverFeedbackTests) ... ok
test_real_lean_failure_is_repaired_with_exact_context_and_frozen_bytes_unchanged (tests.test_prover_feedback.ProverFeedbackTests) ... ok
test_worse_candidates_feed_exact_latest_source_and_errors_without_replacing_best (tests.test_prover_feedback.ProverFeedbackTests) ... ok
test_unprovable_frozen_reference_restarts_and_passes_real_strict_gates (tests.test_run_recovery.StrictRecoveryLeanIntegrationTests)
Real HTTP adapters and Lean; provider responses are deliberate fixtures. ... ok
test_advisory_profile_notes_do_not_veto_repair_of_an_actual_contract_failure (tests.test_run_recovery.StrictRecoveryTests) ... ok
test_budget_is_explicit_bounded_and_zero_disables (tests.test_run_recovery.StrictRecoveryTests) ... ok
test_child_input_or_context_tamper_blocks_resume (tests.test_run_recovery.StrictRecoveryTests) ... ok
test_controller_exhausts_round_bound_without_wall_time_deadline (tests.test_run_recovery.StrictRecoveryTests) ... ok
test_controller_recovers_then_preserves_only_final_success_diagnostics (tests.test_run_recovery.StrictRecoveryTests) ... ok
test_exact_request_interpretation_and_prior_proposal_are_preserved (tests.test_run_recovery.StrictRecoveryTests) ... ok
test_existing_repair_package_is_never_overwritten (tests.test_run_recovery.StrictRecoveryTests) ... ok
test_explicit_resume_override_is_frozen_and_does_not_reset_spent_rounds (tests.test_run_recovery.StrictRecoveryTests) ... ok
test_formal_review_repair_requires_confirmed_replayed_receipt (tests.test_run_recovery.StrictRecoveryTests) ... ok
test_immutable_interpretation_defect_is_not_repaired_as_a_contract_change (tests.test_run_recovery.StrictRecoveryTests) ... ok
test_interrupted_override_is_published_before_stage_dispatch_and_can_be_superseded (tests.test_run_recovery.StrictRecoveryTests) ... ok
test_missing_lineage_or_malformed_journal_is_a_blocked_binding (tests.test_run_recovery.StrictRecoveryTests) ... ok
test_mutating_only_journal_cannot_raise_a_selected_bound_from_two_to_three (tests.test_run_recovery.StrictRecoveryTests) ... ok
test_only_agent_contract_proof_defects_restart (tests.test_run_recovery.StrictRecoveryTests) ... ok
test_parent_artifact_tamper_blocks_resume (tests.test_run_recovery.StrictRecoveryTests) ... ok
test_provider_failure_keeps_infrastructure_status_in_final_result_and_report (tests.test_run_recovery.StrictRecoveryTests) ... ok
test_recorded_routing_resolution_is_preserved_without_reinterpreting_the_request (tests.test_run_recovery.StrictRecoveryTests) ... ok
test_release_infrastructure_failure_does_not_erase_a_mechanical_fact (tests.test_run_recovery.StrictRecoveryTests) ... ok
test_repair_does_not_inherit_proof_accepted_implementation_or_release_evidence (tests.test_run_recovery.StrictRecoveryTests) ... ok
test_resume_journal_cannot_raise_the_frozen_round_bound_above_eight (tests.test_run_recovery.StrictRecoveryTests) ... ok
test_resume_read_only_validates_lineage_and_finds_active_child (tests.test_run_recovery.StrictRecoveryTests) ... ok
test_review_opinion_unsupported_probe_or_failed_replay_never_starts_repair (tests.test_run_recovery.StrictRecoveryTests) ... ok
test_tampered_review_receipt_cannot_trigger_contract_recovery (tests.test_run_recovery.StrictRecoveryTests) ... ok
test_zero_rounds_and_unsupported_requests_make_no_repair_calls (tests.test_run_recovery.StrictRecoveryTests) ... ok
test_checkpoint_policy_never_advertises_unavailable_target_execution (tests.test_review_protocol_repair.ReviewProtocolRepairTests) ... ok
test_confirmed_counterexample_cannot_be_corrected_into_acceptance (tests.test_review_protocol_repair.ReviewProtocolRepairTests) ... ok
test_exhausted_protocol_budget_never_reduces_the_denominator (tests.test_review_protocol_repair.ReviewProtocolRepairTests) ... ok
test_explicit_call_cap_still_limits_protocol_correction (tests.test_review_protocol_repair.ReviewProtocolRepairTests) ... ok
test_formal_contract_checkpoint_guidance_has_only_closed_mechanical_and_clause_shapes (tests.test_review_protocol_repair.ReviewProtocolRepairTests) ... ok
test_invalid_json_and_wrong_checkpoint_probe_receive_bounded_correction (tests.test_review_protocol_repair.ReviewProtocolRepairTests) ... ok
test_model_identity_mismatch_is_not_retried_or_counted (tests.test_review_protocol_repair.ReviewProtocolRepairTests) ... ok
test_parallel_reviewers_only_see_their_own_previous_response (tests.test_review_protocol_repair.ReviewProtocolRepairTests) ... ok
test_provider_failure_is_not_retried_as_a_ballot_defect (tests.test_review_protocol_repair.ReviewProtocolRepairTests) ... ok
test_valid_abstention_is_preserved_without_protocol_retry_or_acceptance (tests.test_review_protocol_repair.ReviewProtocolRepairTests) ... ok
test_zero_transport_retries_still_corrects_missing_search_with_exact_context (tests.test_review_protocol_repair.ReviewProtocolRepairTests) ... ok
test_binder_shapes_use_hash_bound_accepted_formulas_and_universal_arity (tests.test_review_protocol_repair.TargetAssignmentGuidanceTests) ... ok
test_changed_expression_bytes_and_infrastructure_fail_immediately (tests.test_review_protocol_repair.TargetAssignmentGuidanceTests) ... ok
test_opaque_metadata_witness_and_unsupported_residuals_have_no_target_hint (tests.test_review_protocol_repair.TargetAssignmentGuidanceTests) ... ok
test_published_templates_and_wire_examples_use_closed_probe_syntax (tests.test_review_protocol_repair.TargetAssignmentGuidanceTests) ... ok
test_acceptance_escalates_through_every_tier_and_gates_release (tests.test_providers_review.ProviderReviewTests) ... ok
test_credential_material_in_outbound_prompt_is_refused (tests.test_providers_review.ProviderReviewTests) ... ok
test_credential_store_never_reveals_secrets (tests.test_providers_review.ProviderReviewTests) ... ok
test_full_run_with_agents_for_every_role_and_review_gates (tests.test_providers_review.ProviderReviewTests) ... ok
test_incompatible_profile_fails_explicitly (tests.test_providers_review.ProviderReviewTests) ... ok
test_interpreter_agent_proposal_is_validated_and_secret_free (tests.test_providers_review.ProviderReviewTests) ... ok
test_late_rejection_triggers_repair_and_restart_at_first_tier (tests.test_providers_review.ProviderReviewTests) ... ok
test_lower_tier_rejection_prevents_escalation (tests.test_providers_review.ProviderReviewTests) ... ok
test_malformed_ballots_never_pass (tests.test_providers_review.ProviderReviewTests) ... ok
test_providers_check_offline_makes_no_requests_and_live_authenticates (tests.test_providers_review.ProviderReviewTests) ... ok
test_unanimous_accept_cannot_override_a_failed_checker (tests.test_providers_review.ProviderReviewTests) ... ok
test_unset_model_never_substitutes (tests.test_providers_review.ProviderReviewTests) ... ok
test_accepted_ballot_must_construct_a_probe (tests.test_review_counterexample_workflow.CounterexampleBallotUnitTests) ... ok
test_candidate_finding_must_be_one_of_the_constructed_probes (tests.test_review_counterexample_workflow.CounterexampleBallotUnitTests) ... ok
test_repeated_or_over_budget_probes_cannot_complete_search (tests.test_review_counterexample_workflow.CounterexampleBallotUnitTests) ... ok
test_reported_search_count_must_equal_constructed_probes (tests.test_review_counterexample_workflow.CounterexampleBallotUnitTests) ... ok
test_speculative_rejection_is_not_a_valid_ballot (tests.test_review_counterexample_workflow.CounterexampleBallotUnitTests) ... ok
test_changed_counterexample_receipt_cannot_re_tally (tests.test_review_counterexample_workflow.CounterexampleReviewWorkflowTests) ... ok
test_confirmed_false_target_case_rejects_without_escalation (tests.test_review_counterexample_workflow.CounterexampleReviewWorkflowTests) ... ok
test_confirmed_probe_overrides_reported_acceptance (tests.test_review_counterexample_workflow.CounterexampleReviewWorkflowTests) ... ok
test_every_tier_and_instance_constructs_probes_before_acceptance (tests.test_review_counterexample_workflow.CounterexampleReviewWorkflowTests) ... ok
test_rehashed_false_receipt_still_fails_independent_replay (tests.test_review_counterexample_workflow.CounterexampleReviewWorkflowTests) ... ok
test_unreproduced_target_candidate_becomes_abstention (tests.test_review_counterexample_workflow.CounterexampleReviewWorkflowTests) ... ok
test_unsupported_declaration_target_replay_stays_incomplete (tests.test_review_counterexample_workflow.CounterexampleReviewWorkflowTests) ... ok
test_vague_blocking_reject_is_incomplete_not_a_confirmed_rejection (tests.test_review_counterexample_workflow.CounterexampleReviewWorkflowTests) ... ok
test_cli_accepts_zero_preserves_defaults_and_rejects_negative (tests.test_run_unbounded_budget.UnboundedRunBudgetTests) ... ok
test_positive_budget_still_expires (tests.test_run_unbounded_budget.UnboundedRunBudgetTests) ... ok
test_positive_review_tier_keeps_its_configured_deadline (tests.test_run_unbounded_budget.UnboundedRunBudgetTests) ... ok
test_verifier_build_deadline_remains_finite (tests.test_run_unbounded_budget.UnboundedRunBudgetTests) ... ok
test_zero_enables_proof_agent_and_retains_attempt_cap (tests.test_run_unbounded_budget.UnboundedRunBudgetTests) ... ok
test_zero_keeps_builtin_portfolio_enabled (tests.test_run_unbounded_budget.UnboundedRunBudgetTests) ... ok
test_zero_review_tier_waits_for_actual_completion (tests.test_run_unbounded_budget.UnboundedRunBudgetTests) ... ok
test_exhausted_readiness_repairs_do_not_freeze_opaque_campaign_contract (tests.test_formalize_readiness.FormalizeReadinessTests) ... ok
test_explicit_opaque_candidate_remains_admissible_with_tested_request (tests.test_formalize_readiness.FormalizeReadinessTests) ... ok
test_inline_conditional_is_repaired_before_freeze_with_exact_context (tests.test_formalize_readiness.FormalizeReadinessTests) ... ok
test_readiness_respects_scope_and_actual_test_applicability (tests.test_formalize_readiness.FormalizeReadinessTests) ... ok
test_true_or_reflexive_input_guarantee_cannot_freeze_a_test_campaign (tests.test_formalize_readiness.FormalizeReadinessTests) ... ok
test_modified_accepted_source_is_not_shown_as_a_valid_proof (tests.test_review_accepted_source.AcceptedReviewSourceTests) ... ok
test_outside_package_source_is_rejected (tests.test_review_accepted_source.AcceptedReviewSourceTests) ... ok
test_packet_contains_exact_accepted_proofs_and_labels_template (tests.test_review_accepted_source.AcceptedReviewSourceTests) ... ok

----------------------------------------------------------------------
Ran 120 tests in 153.890s

OK
