==> [interpret] routing and interpreting the request
  • [classify] routing decision SOFTWARE -> OBLIGATION_PIPELINE
  ✓ [interpret] D1 INTERPRETED
  ✓ [interpret] D2 INTERPRETED
  ✓ [interpret] D3 INTERPRETED
  ✓ [interpret] D4 INTERPRETED
  ✓ [interpret] O1 INTERPRETED
  ✓ [interpret] O2 INTERPRETED
  ✓ [interpret] O3 INTERPRETED
  ✓ [interpret] O4 INTERPRETED
  ✓ [interpret] O5 INTERPRETED
  ✓ [interpret] O6 INTERPRETED
  ✓ [interpret] O7 INTERPRETED
  ✓ [interpret] I1 INTERPRETED
  ✓ [interpret] N1 INTERPRETED
  ✓ [interpret] N2 INTERPRETED
==> [formalize] formalizing the interpreted claims
    [formalize] autonomous critique: REPAIR
    [formalize] autonomous critique: REPAIR
    [formalize] autonomous critique: REPAIR
  ! [run] pipeline stops after formalize: BLOCKED
==> [verify] frozen closure: clean builds, determinism, provenance
==> [interpret] routing and interpreting the request
  • [classify] routing decision SOFTWARE -> OBLIGATION_PIPELINE
  ✓ [interpret] D1 INTERPRETED
  ✓ [interpret] D2 INTERPRETED
  ✓ [interpret] D3 INTERPRETED
  ✓ [interpret] D4 INTERPRETED
  ✓ [interpret] O1 INTERPRETED
  ✓ [interpret] O2 INTERPRETED
  ✓ [interpret] O3 INTERPRETED
  ✓ [interpret] O4 INTERPRETED
  ✓ [interpret] O5 INTERPRETED
  ✓ [interpret] O6 INTERPRETED
  ✓ [interpret] O7 INTERPRETED
  ✓ [interpret] I1 INTERPRETED
  ✓ [interpret] N1 INTERPRETED
  ✓ [interpret] N2 INTERPRETED
    [run] strict recovery round 1: new package p01-numeric-batch-repair-01; rejected frozen artifacts retained
==> [formalize] formalizing the interpreted claims
    [formalize] autonomous critique: REPAIR
    [formalize] elaborating the composed challenge in the sandbox
    [formalize] kernel audit of 2 typed-proposal denotations
    [formalize] kernel replay and export of the challenge
    [formalize] kernel definitional-equality check of 8 DSL denotations
    [formalize] autonomous critique: INCOMPLETE
    [formalize] elaborating the composed challenge in the sandbox
    [formalize] kernel audit of 2 typed-proposal denotations
    [formalize] kernel replay and export of the challenge
    [formalize] kernel definitional-equality check of 8 DSL denotations
    [formalize] autonomous critique: INCOMPLETE
  ! [run] pipeline stops after formalize: BLOCKED
==> [verify] frozen closure: clean builds, determinism, provenance
