==> [interpret] routing and interpreting the request
  • [classify] routing decision SOFTWARE -> OBLIGATION_PIPELINE
  ✓ [interpret] D1 INTERPRETED
  ✓ [interpret] D2 INTERPRETED
  ✓ [interpret] D3 INTERPRETED
  ✓ [interpret] D4 INTERPRETED
  ✓ [interpret] O1 INTERPRETED
  ✓ [interpret] O2 INTERPRETED
  ✓ [interpret] O3 INTERPRETED
  ✓ [interpret] O4 INTERPRETED
  ✓ [interpret] O5 INTERPRETED
  ✓ [interpret] O6 INTERPRETED
  ✓ [interpret] O7 INTERPRETED
  ✓ [interpret] I1 INTERPRETED
  ✓ [interpret] N1 INTERPRETED
  ✓ [interpret] N2 INTERPRETED
==> [formalize] formalizing the interpreted claims
    [formalize] elaborating the composed challenge in the sandbox
    [formalize] kernel audit of 2 typed-proposal denotations
    [formalize] kernel replay and export of the challenge
    [formalize] kernel definitional-equality check of 8 DSL denotations
  • [formalize] challenge frozen; contract input root sha256:0a4303f788ac…
  ✓ [formalize] D1 FORMALIZED (typed_metadata)
  ✓ [formalize] D2 FORMALIZED (typed_metadata)
  ✓ [formalize] D3 FORMALIZED (typed_metadata)
  ✓ [formalize] D4 FORMALIZED (typed_metadata)
  ✓ [formalize] O1 FORMALIZED (contract_dsl)
  ✓ [formalize] O2 FORMALIZED (contract_dsl)
  ✓ [formalize] O3 FORMALIZED (contract_dsl)
  ✓ [formalize] O4 FORMALIZED (contract_dsl)
  ✓ [formalize] O5 FORMALIZED (contract_dsl)
  ✓ [formalize] O6 FORMALIZED (contract_dsl)
  ✓ [formalize] O7 FORMALIZED (contract_dsl)
  ✓ [formalize] I1 FORMALIZED (contract_dsl)
  ✓ [formalize] N1 FORMALIZED (typed_metadata)
  ✓ [formalize] N2 FORMALIZED (typed_metadata)
==> [prove] searching for proofs of the frozen challenge
==> [accept] isolated acceptance of the proof candidate
    [accept] re-elaborating the frozen challenge in an isolated stage
    [accept] elaborating the proof candidate in the sandbox
    [accept] kernel replay, export, axiom walk and witness extraction
  ✓ [accept] D1 TYPECHECKED PASS
  ✓ [accept] D2 TYPECHECKED PASS
  ✓ [accept] D3 TYPECHECKED PASS
  ✓ [accept] D4 TYPECHECKED PASS
  ✓ [accept] O1 TYPECHECKED PASS
  • [accept] O1 PROVED FAIL
  ✓ [accept] O2 TYPECHECKED PASS
  • [accept] O2 PROVED FAIL
  ✓ [accept] O3 TYPECHECKED PASS
  • [accept] O3 PROVED FAIL
  ✓ [accept] O4 TYPECHECKED PASS
  • [accept] O4 PROVED FAIL
  ✓ [accept] O5 TYPECHECKED PASS
  • [accept] O5 PROVED FAIL
  ✓ [accept] O6 TYPECHECKED PASS
  • [accept] O6 PROVED FAIL
  ✓ [accept] O7 TYPECHECKED PASS
  • [accept] O7 PROVED FAIL
  ✓ [accept] I1 TYPECHECKED PASS
  • [accept] I1 PROVED FAIL
  ✓ [accept] N1 TYPECHECKED PASS
  ✓ [accept] N2 TYPECHECKED PASS
  ! [run] pipeline stops after accept: BLOCKED
==> [verify] frozen closure: clean builds, determinism, provenance
==> [interpret] routing and interpreting the request
  • [classify] routing decision SOFTWARE -> OBLIGATION_PIPELINE
  ✓ [interpret] D1 INTERPRETED
  ✓ [interpret] D2 INTERPRETED
  ✓ [interpret] D3 INTERPRETED
  ✓ [interpret] D4 INTERPRETED
  ✓ [interpret] O1 INTERPRETED
  ✓ [interpret] O2 INTERPRETED
  ✓ [interpret] O3 INTERPRETED
  ✓ [interpret] O4 INTERPRETED
  ✓ [interpret] O5 INTERPRETED
  ✓ [interpret] O6 INTERPRETED
  ✓ [interpret] O7 INTERPRETED
  ✓ [interpret] I1 INTERPRETED
  ✓ [interpret] N1 INTERPRETED
  ✓ [interpret] N2 INTERPRETED
    [run] strict recovery round 1: new package p01-numeric-batch-repair-01; rejected frozen artifacts retained
==> [formalize] formalizing the interpreted claims
    [formalize] elaborating the composed challenge in the sandbox
    [formalize] kernel audit of 2 typed-proposal denotations
    [formalize] kernel replay and export of the challenge
    [formalize] kernel definitional-equality check of 8 DSL denotations
  • [formalize] challenge frozen; contract input root sha256:f2701389c206…
  ✓ [formalize] D1 FORMALIZED (typed_metadata)
  ✓ [formalize] D2 FORMALIZED (typed_metadata)
  ✓ [formalize] D3 FORMALIZED (typed_metadata)
  ✓ [formalize] D4 FORMALIZED (typed_metadata)
  ✓ [formalize] O1 FORMALIZED (contract_dsl)
  ✓ [formalize] O2 FORMALIZED (contract_dsl)
  ✓ [formalize] O3 FORMALIZED (contract_dsl)
  ✓ [formalize] O4 FORMALIZED (contract_dsl)
  ✓ [formalize] O5 FORMALIZED (contract_dsl)
  ✓ [formalize] O6 FORMALIZED (contract_dsl)
  ✓ [formalize] O7 FORMALIZED (contract_dsl)
  ✓ [formalize] I1 FORMALIZED (contract_dsl)
  ✓ [formalize] N1 FORMALIZED (typed_metadata)
  ✓ [formalize] N2 FORMALIZED (typed_metadata)
==> [prove] searching for proofs of the frozen challenge
==> [accept] isolated acceptance of the proof candidate
    [accept] re-elaborating the frozen challenge in an isolated stage
    [accept] elaborating the proof candidate in the sandbox
    [accept] kernel replay, export, axiom walk and witness extraction
  ✓ [accept] D1 TYPECHECKED PASS
  ✓ [accept] D2 TYPECHECKED PASS
  ✓ [accept] D3 TYPECHECKED PASS
  ✓ [accept] D4 TYPECHECKED PASS
  ✓ [accept] O1 TYPECHECKED PASS
  ✓ [accept] O1 PROVED PASS
  ✓ [accept] O2 TYPECHECKED PASS
  ✓ [accept] O2 PROVED PASS
  ✓ [accept] O3 TYPECHECKED PASS
  ✓ [accept] O3 PROVED PASS
  ✓ [accept] O4 TYPECHECKED PASS
  ✓ [accept] O4 PROVED PASS
  ✓ [accept] O5 TYPECHECKED PASS
  ✓ [accept] O5 PROVED PASS
  ✓ [accept] O6 TYPECHECKED PASS
  ✓ [accept] O6 PROVED PASS
  ✓ [accept] O7 TYPECHECKED PASS
  ✓ [accept] O7 PROVED PASS
  ✓ [accept] I1 TYPECHECKED PASS
  ✓ [accept] I1 PROVED PASS
  ✓ [accept] N1 TYPECHECKED PASS
  ✓ [accept] N2 TYPECHECKED PASS
==> [export] reconstructing accepted IR from the accepted environment
  • [export] accepted IR sha256:ab154ef88343… (14 obligations)
==> [review] adversarial review at checkpoint formal_contract
    [review] tier R0: 1 reviewer(s) in parallel
==> [generate] verifying the accepted contract before implementation work
  ✓ [generate] D1 IMPLEMENTED PASS
  ✓ [generate] I1 IMPLEMENTED PASS
  ✓ [generate] O1 IMPLEMENTED PASS
  ✓ [generate] O2 IMPLEMENTED PASS
  ✓ [generate] O3 IMPLEMENTED PASS
  ✓ [generate] O4 IMPLEMENTED PASS
  ✓ [generate] O5 IMPLEMENTED PASS
  ✓ [generate] O6 IMPLEMENTED PASS
  ✓ [generate] O7 IMPLEMENTED PASS
==> [link] structural binding of implementation objects
  ✓ [link] D1 LINKED PASS
  ✓ [link] I1 LINKED PASS
  ✓ [link] O1 LINKED PASS
  ✓ [link] O2 LINKED PASS
  ✓ [link] O3 LINKED PASS
  ✓ [link] O4 LINKED PASS
  ✓ [link] O5 LINKED PASS
  ✓ [link] O6 LINKED PASS
  ✓ [link] O7 LINKED PASS
==> [test] running the frozen Tier 0 campaign on the target artifact
  ✓ [test] I1 TESTED PASS (32 effective, 0 discarded)
  ✓ [test] O1 TESTED PASS (32 effective, 0 discarded)
  ✓ [test] O2 TESTED PASS (32 effective, 0 discarded)
  ✓ [test] O3 TESTED PASS (32 effective, 0 discarded)
  ✓ [test] O4 TESTED PASS (32 effective, 0 discarded)
  ✓ [test] O5 TESTED PASS (32 effective, 0 discarded)
  ✓ [test] O6 TESTED PASS (32 effective, 0 discarded)
  ✓ [test] O7 TESTED PASS (32 effective, 0 discarded)
==> [review] adversarial review at checkpoint release
    [review] tier R0: 1 reviewer(s) in parallel
==> [verify] frozen closure: clean builds, determinism, provenance
    [verify] isolated clean build A
    [verify] isolated clean build B
