==> [interpret] routing and interpreting the request
  • [classify] routing decision SOFTWARE -> OBLIGATION_PIPELINE
  ✓ [interpret] D1 INTERPRETED
  ✓ [interpret] D2 INTERPRETED
  ✓ [interpret] D3 INTERPRETED
  ✓ [interpret] D4 INTERPRETED
  ✓ [interpret] O1 INTERPRETED
  ✓ [interpret] O2 INTERPRETED
  ✓ [interpret] O3 INTERPRETED
  ✓ [interpret] O4 INTERPRETED
  ✓ [interpret] O5 INTERPRETED
  ✓ [interpret] O6 INTERPRETED
  ✓ [interpret] O7 INTERPRETED
  ✓ [interpret] I1 INTERPRETED
  ✓ [interpret] I2 INTERPRETED
  ✓ [interpret] N1 INTERPRETED
  ✓ [interpret] N2 INTERPRETED
==> [formalize] formalizing the interpreted claims
    [formalize] elaborating the composed challenge in the sandbox
    [formalize] kernel audit of 10 typed-proposal denotations
    [formalize] kernel replay and export of the challenge
    [formalize] kernel definitional-equality check of 9 DSL denotations
==> [verify] frozen closure: clean builds, determinism, provenance
