==> [interpret] routing and interpreting the request
  • [classify] routing decision SOFTWARE -> OBLIGATION_PIPELINE
  ✓ [interpret] D1 INTERPRETED
  ✓ [interpret] D2 INTERPRETED
  ✓ [interpret] D3 INTERPRETED
  ✓ [interpret] A1 INTERPRETED
  ✓ [interpret] O1 INTERPRETED
  ✓ [interpret] O2 INTERPRETED
  ✓ [interpret] O3 INTERPRETED
  ✓ [interpret] O4 INTERPRETED
  ✓ [interpret] O5 INTERPRETED
  ✓ [interpret] I1 INTERPRETED
  ✓ [interpret] N1 INTERPRETED
==> [formalize] formalizing the interpreted claims
  ! [run] pipeline stops after formalize: BLOCKED
==> [verify] frozen closure: clean builds, determinism, provenance
==> [interpret] routing and interpreting the request
  • [classify] routing decision SOFTWARE -> OBLIGATION_PIPELINE
  ✓ [interpret] D1 INTERPRETED
  ✓ [interpret] D2 INTERPRETED
  ✓ [interpret] D3 INTERPRETED
  ✓ [interpret] A1 INTERPRETED
  ✓ [interpret] O1 INTERPRETED
  ✓ [interpret] O2 INTERPRETED
  ✓ [interpret] O3 INTERPRETED
  ✓ [interpret] O4 INTERPRETED
  ✓ [interpret] O5 INTERPRETED
  ✓ [interpret] I1 INTERPRETED
  ✓ [interpret] N1 INTERPRETED
    [run] strict recovery round 1: new package p03-unicode-labels-repair-01; rejected frozen artifacts retained
==> [formalize] formalizing the interpreted claims
    [formalize] elaborating the composed challenge in the sandbox
    [formalize] kernel audit of 7 typed-proposal denotations
    [formalize] kernel replay and export of the challenge
    [formalize] kernel definitional-equality check of 6 DSL denotations
  • [formalize] challenge frozen; contract input root sha256:742e24d61271…
  ✓ [formalize] D1 FORMALIZED (typed_metadata)
  ✓ [formalize] D2 FORMALIZED (typed_metadata)
  ✓ [formalize] D3 FORMALIZED (typed_metadata)
  ✓ [formalize] A1 FORMALIZED (typed_metadata)
  ✓ [formalize] O1 FORMALIZED (contract_dsl)
  ✓ [formalize] O2 FORMALIZED (contract_dsl)
  ✓ [formalize] O3 FORMALIZED (contract_dsl)
  ✓ [formalize] O4 FORMALIZED (contract_dsl)
  ✓ [formalize] O5 FORMALIZED (contract_dsl)
  ✓ [formalize] I1 FORMALIZED (contract_dsl)
  ✓ [formalize] N1 FORMALIZED (typed_metadata)
==> [prove] searching for proofs of the frozen challenge
==> [accept] isolated acceptance of the proof candidate
    [accept] re-elaborating the frozen challenge in an isolated stage
    [accept] elaborating the proof candidate in the sandbox
    [accept] kernel replay, export, axiom walk and witness extraction
  ✓ [accept] D1 TYPECHECKED PASS
  ✓ [accept] D2 TYPECHECKED PASS
  ✓ [accept] D3 TYPECHECKED PASS
  ✓ [accept] A1 TYPECHECKED PASS
  ✓ [accept] O1 TYPECHECKED PASS
  • [accept] O1 PROVED FAIL
  ✓ [accept] O2 TYPECHECKED PASS
  ✓ [accept] O2 PROVED PASS
  ✓ [accept] O3 TYPECHECKED PASS
  ✓ [accept] O3 PROVED PASS
  ✓ [accept] O4 TYPECHECKED PASS
  ✓ [accept] O4 PROVED PASS
  ✓ [accept] O5 TYPECHECKED PASS
  ✓ [accept] O5 PROVED PASS
  ✓ [accept] I1 TYPECHECKED PASS
  ✓ [accept] I1 PROVED PASS
  ✓ [accept] N1 TYPECHECKED PASS
  ! [run] pipeline stops after accept: BLOCKED
==> [verify] frozen closure: clean builds, determinism, provenance
==> [interpret] routing and interpreting the request
  • [classify] routing decision SOFTWARE -> OBLIGATION_PIPELINE
  ✓ [interpret] D1 INTERPRETED
  ✓ [interpret] D2 INTERPRETED
  ✓ [interpret] D3 INTERPRETED
  ✓ [interpret] A1 INTERPRETED
  ✓ [interpret] O1 INTERPRETED
  ✓ [interpret] O2 INTERPRETED
  ✓ [interpret] O3 INTERPRETED
  ✓ [interpret] O4 INTERPRETED
  ✓ [interpret] O5 INTERPRETED
  ✓ [interpret] I1 INTERPRETED
  ✓ [interpret] N1 INTERPRETED
    [run] strict recovery round 2: new package p03-unicode-labels-repair-02; rejected frozen artifacts retained
==> [formalize] formalizing the interpreted claims
    [formalize] elaborating the composed challenge in the sandbox
    [formalize] kernel audit of 7 typed-proposal denotations
    [formalize] kernel replay and export of the challenge
    [formalize] kernel definitional-equality check of 6 DSL denotations
  • [formalize] challenge frozen; contract input root sha256:742e24d61271…
  ✓ [formalize] D1 FORMALIZED (typed_metadata)
  ✓ [formalize] D2 FORMALIZED (typed_metadata)
  ✓ [formalize] D3 FORMALIZED (typed_metadata)
  ✓ [formalize] A1 FORMALIZED (typed_metadata)
  ✓ [formalize] O1 FORMALIZED (contract_dsl)
  ✓ [formalize] O2 FORMALIZED (contract_dsl)
  ✓ [formalize] O3 FORMALIZED (contract_dsl)
  ✓ [formalize] O4 FORMALIZED (contract_dsl)
  ✓ [formalize] O5 FORMALIZED (contract_dsl)
  ✓ [formalize] I1 FORMALIZED (contract_dsl)
  ✓ [formalize] N1 FORMALIZED (typed_metadata)
==> [prove] searching for proofs of the frozen challenge
==> [accept] isolated acceptance of the proof candidate
    [accept] re-elaborating the frozen challenge in an isolated stage
    [accept] elaborating the proof candidate in the sandbox
    [accept] kernel replay, export, axiom walk and witness extraction
  ✓ [accept] D1 TYPECHECKED PASS
  ✓ [accept] D2 TYPECHECKED PASS
  ✓ [accept] D3 TYPECHECKED PASS
  ✓ [accept] A1 TYPECHECKED PASS
  ✓ [accept] O1 TYPECHECKED PASS
  • [accept] O1 PROVED FAIL
  ✓ [accept] O2 TYPECHECKED PASS
  ✓ [accept] O2 PROVED PASS
  ✓ [accept] O3 TYPECHECKED PASS
  ✓ [accept] O3 PROVED PASS
  ✓ [accept] O4 TYPECHECKED PASS
  ✓ [accept] O4 PROVED PASS
  ✓ [accept] O5 TYPECHECKED PASS
  ✓ [accept] O5 PROVED PASS
  ✓ [accept] I1 TYPECHECKED PASS
  ✓ [accept] I1 PROVED PASS
  ✓ [accept] N1 TYPECHECKED PASS
  ! [run] pipeline stops after accept: BLOCKED
==> [verify] frozen closure: clean builds, determinism, provenance
