==> [link] structural binding of implementation objects
  ✓ [link] D1 LINKED PASS
  ✓ [link] I1 LINKED PASS
  ✓ [link] O1 LINKED PASS
  ✓ [link] O2 LINKED PASS
  ✓ [link] O3 LINKED PASS
  ✓ [link] O4 LINKED PASS
{
  "artifacts": {
    "link": "bridges/link.json"
  },
  "asserts_closure_verified": false,
  "command": "link",
  "diagnostics": [],
  "gate": "every required obligation has a unique structural binding",
  "status": "PASS",
  "summary": {
    "bindings": [
      {
        "object": "reserve.py:reserve",
        "obligations": [
          "D1",
          "I1",
          "O1",
          "O2",
          "O3",
          "O4"
        ],
        "symbol": "reserve"
      }
    ],
    "link_root": "sha256:2d8bebe51c078026590714615eb6d51a690a989ccd26590b1e7f2881b073def3"
  }
}
