==> [generate] verifying the accepted contract before implementation work
  ✓ [generate] D1 IMPLEMENTED PASS
  ✓ [generate] I1 IMPLEMENTED PASS
  ✓ [generate] O1 IMPLEMENTED PASS
  ✓ [generate] O2 IMPLEMENTED PASS
  ✓ [generate] O3 IMPLEMENTED PASS
  ✓ [generate] O4 IMPLEMENTED PASS
{
  "artifacts": {
    "bindings": "bridges/bindings.json",
    "implementation": "implementation",
    "implementation_claims": "closure/implementation-claims.json"
  },
  "asserts_closure_verified": false,
  "command": "generate",
  "diagnostics": [],
  "gate": "implementation candidate materialized for the frozen tier",
  "status": "PASS",
  "summary": {
    "files": [
      "reserve.py"
    ],
    "implementation_root": "sha256:99a5fdd14dadf9840a6160a0b1f75661780928e227643442ccaa61c73587c17b",
    "parameters": {
      "endpoint": "test_campaign",
      "require_state": "TESTED",
      "require_tests": true,
      "serialization_profile": "python-v0_1",
      "target": "python",
      "tier": 0,
      "tier_default_applied": false
    }
  }
}
