==> [interpret] routing and interpreting the request
  • [classify] routing decision SOFTWARE -> OBLIGATION_PIPELINE
  ✓ [interpret] D1 INTERPRETED
  ✓ [interpret] O1 INTERPRETED
  ✓ [interpret] O2 INTERPRETED
  ✓ [interpret] O3 INTERPRETED
  ✓ [interpret] O4 INTERPRETED
  ✓ [interpret] I1 INTERPRETED
  ✓ [interpret] N1 INTERPRETED
==> [formalize] formalizing the interpreted claims
    [formalize] elaborating the composed challenge in the sandbox
    [formalize] kernel replay and export of the challenge
    [formalize] kernel definitional-equality check of 5 DSL denotations
  • [formalize] challenge frozen; contract input root sha256:5b539749d7c9…
  ✓ [formalize] D1 FORMALIZED (typed_metadata)
  ✓ [formalize] O1 FORMALIZED (contract_dsl)
  ✓ [formalize] O2 FORMALIZED (contract_dsl)
  ✓ [formalize] O3 FORMALIZED (contract_dsl)
  ✓ [formalize] O4 FORMALIZED (contract_dsl)
  ✓ [formalize] I1 FORMALIZED (contract_dsl)
  ✓ [formalize] N1 FORMALIZED (typed_metadata)
==> [prove] searching for proofs of the frozen challenge
==> [accept] isolated acceptance of the proof candidate
    [accept] re-elaborating the frozen challenge in an isolated stage
    [accept] elaborating the proof candidate in the sandbox
    [accept] kernel replay, export, axiom walk and witness extraction
  ✓ [accept] D1 TYPECHECKED PASS
  ✓ [accept] O1 TYPECHECKED PASS
  ✓ [accept] O1 PROVED PASS
  ✓ [accept] O2 TYPECHECKED PASS
  ✓ [accept] O2 PROVED PASS
  ✓ [accept] O3 TYPECHECKED PASS
  ✓ [accept] O3 PROVED PASS
  ✓ [accept] O4 TYPECHECKED PASS
  ✓ [accept] O4 PROVED PASS
  ✓ [accept] I1 TYPECHECKED PASS
  ✓ [accept] I1 PROVED PASS
  ✓ [accept] N1 TYPECHECKED PASS
==> [export] reconstructing accepted IR from the accepted environment
  • [export] accepted IR sha256:eb79301f6e4d… (7 obligations)
==> [review] adversarial review at checkpoint formal_contract
    [review] tier R0: 1 reviewer(s) in parallel
==> [generate] verifying the accepted contract before implementation work
  ✓ [generate] D1 IMPLEMENTED PASS
  ✓ [generate] I1 IMPLEMENTED PASS
  ✓ [generate] O1 IMPLEMENTED PASS
  ✓ [generate] O2 IMPLEMENTED PASS
  ✓ [generate] O3 IMPLEMENTED PASS
  ✓ [generate] O4 IMPLEMENTED PASS
==> [link] structural binding of implementation objects
  ✓ [link] D1 LINKED PASS
  ✓ [link] I1 LINKED PASS
  ✓ [link] O1 LINKED PASS
  ✓ [link] O2 LINKED PASS
  ✓ [link] O3 LINKED PASS
  ✓ [link] O4 LINKED PASS
==> [test] running the frozen Tier 0 campaign on the target artifact
  ✓ [test] I1 TESTED PASS (32 effective, 19 discarded)
  ✓ [test] O1 TESTED PASS (32 effective, 15 discarded)
  ✓ [test] O2 TESTED PASS (32 effective, 41 discarded)
  ✓ [test] O3 TESTED PASS (32 effective, 0 discarded)
  ✓ [test] O4 TESTED PASS (32 effective, 14 discarded)
==> [review] adversarial review at checkpoint release
    [review] tier R0: 1 reviewer(s) in parallel
==> [verify] frozen closure: clean builds, determinism, provenance
    [verify] isolated clean build A
    [verify] isolated clean build B
{
  "artifacts": {
    "obligation_view": "obligation-view.json",
    "package": "/home/augustus/VeriSlop_CLI/.verislop/proof-of-concept/runs/reservation-v1",
    "report": "report.json"
  },
  "asserts_closure_verified": false,
  "command": "run",
  "diagnostics": [],
  "gate": "closure VERIFIED under the declared trust boundary",
  "status": "PASS",
  "summary": {
    "active_package": "/home/augustus/VeriSlop_CLI/.verislop/proof-of-concept/runs/reservation-v1",
    "closure_root": "sha256:25e49c6c24c6b9c32d383fbcf7eb5f6eb1cd6ed349bd9e8a1e4debb9f7a57907",
    "package": "/home/augustus/VeriSlop_CLI/.verislop/proof-of-concept/runs/reservation-v1",
    "qualified_result": "VERIFIED closure; implementation assurance: TESTED (Tier 0)",
    "recovery": {
      "consumed_rounds": 0,
      "enabled": true,
      "exhausted": false,
      "max_rounds": 2,
      "packages": [
        "/home/augustus/VeriSlop_CLI/.verislop/proof-of-concept/runs/reservation-v1"
      ]
    },
    "root_package": "/home/augustus/VeriSlop_CLI/.verislop/proof-of-concept/runs/reservation-v1",
    "run_id": "reservation-v1",
    "stages": [
      {
        "codes": [],
        "seconds": 97,
        "stage": "interpret",
        "status": "PASS"
      },
      {
        "codes": [],
        "seconds": 16,
        "stage": "formalize",
        "status": "PASS"
      },
      {
        "codes": [],
        "seconds": 0,
        "stage": "prove",
        "status": "PASS"
      },
      {
        "codes": [],
        "seconds": 5,
        "stage": "accept",
        "status": "PASS"
      },
      {
        "codes": [],
        "seconds": 1,
        "stage": "export",
        "status": "PASS"
      },
      {
        "codes": [],
        "seconds": 11,
        "stage": "review:formal_contract",
        "status": "PASS"
      },
      {
        "codes": [],
        "seconds": 7,
        "stage": "generate",
        "status": "PASS"
      },
      {
        "codes": [],
        "seconds": 0,
        "stage": "link",
        "status": "PASS"
      },
      {
        "codes": [],
        "seconds": 0,
        "stage": "test",
        "status": "PASS"
      },
      {
        "codes": [],
        "seconds": 16,
        "stage": "review:release",
        "status": "PASS"
      }
    ],
    "stopped_at": null,
    "terminal_status": "VERIFIED"
  }
}
