==> [interpret] routing and interpreting the request
  • [classify] routing decision SOFTWARE -> OBLIGATION_PIPELINE
  ✓ [interpret] D1 INTERPRETED
  ✓ [interpret] D2 INTERPRETED
  ✓ [interpret] D3 INTERPRETED
  ✓ [interpret] D4 INTERPRETED
  ✓ [interpret] D5 INTERPRETED
  ✓ [interpret] A1 INTERPRETED
  ✓ [interpret] O1 INTERPRETED
  ✓ [interpret] O2 INTERPRETED
  ✓ [interpret] O3 INTERPRETED
  ✓ [interpret] O4 INTERPRETED
  ✓ [interpret] O5 INTERPRETED
  ✓ [interpret] N1 INTERPRETED
  ✓ [interpret] N2 INTERPRETED
==> [formalize] formalizing the interpreted claims
  ! [run] pipeline stops after formalize: BLOCKED
==> [verify] frozen closure: clean builds, determinism, provenance
==> [interpret] routing and interpreting the request
  • [classify] routing decision SOFTWARE -> OBLIGATION_PIPELINE
  ✓ [interpret] D1 INTERPRETED
  ✓ [interpret] D2 INTERPRETED
  ✓ [interpret] D3 INTERPRETED
  ✓ [interpret] D4 INTERPRETED
  ✓ [interpret] D5 INTERPRETED
  ✓ [interpret] A1 INTERPRETED
  ✓ [interpret] O1 INTERPRETED
  ✓ [interpret] O2 INTERPRETED
  ✓ [interpret] O3 INTERPRETED
  ✓ [interpret] O4 INTERPRETED
  ✓ [interpret] O5 INTERPRETED
  ✓ [interpret] N1 INTERPRETED
  ✓ [interpret] N2 INTERPRETED
    [run] strict recovery round 1: new package p03-unicode-labels-repair-01; rejected frozen artifacts retained
==> [formalize] formalizing the interpreted claims
    [formalize] elaborating the composed challenge in the sandbox
    [formalize] kernel audit of 4 typed-proposal denotations
    [formalize] kernel replay and export of the challenge
    [formalize] kernel definitional-equality check of 6 DSL denotations
  • [formalize] challenge frozen; contract input root sha256:850c31ef098a…
  ✓ [formalize] D1 FORMALIZED (typed_metadata)
  ✓ [formalize] D2 FORMALIZED (typed_metadata)
  ✓ [formalize] D3 FORMALIZED (typed_metadata)
  ✓ [formalize] D4 FORMALIZED (typed_metadata)
  ✓ [formalize] D5 FORMALIZED (typed_metadata)
  ✓ [formalize] A1 FORMALIZED (typed_metadata)
  ✓ [formalize] O1 FORMALIZED (contract_dsl)
  ✓ [formalize] O2 FORMALIZED (contract_dsl)
  ✓ [formalize] O3 FORMALIZED (contract_dsl)
  ✓ [formalize] O4 FORMALIZED (contract_dsl)
  ✓ [formalize] O5 FORMALIZED (contract_dsl)
  ✓ [formalize] N1 FORMALIZED (typed_metadata)
  ✓ [formalize] N2 FORMALIZED (typed_metadata)
  ✓ [formalize] witness_A1 FORMALIZED (contract_dsl)
==> [prove] searching for proofs of the frozen challenge
==> [verify] frozen closure: clean builds, determinism, provenance
