==> [interpret] routing and interpreting the request
  • [classify] routing decision SOFTWARE -> OBLIGATION_PIPELINE
  ✓ [interpret] D1 INTERPRETED
  ✓ [interpret] D2 INTERPRETED
  ✓ [interpret] D3 INTERPRETED
  ✓ [interpret] D4 INTERPRETED
  ✓ [interpret] D5 INTERPRETED
  ✓ [interpret] A1 INTERPRETED
  ✓ [interpret] O1 INTERPRETED
  ✓ [interpret] O2 INTERPRETED
  ✓ [interpret] O3 INTERPRETED
  ✓ [interpret] O4 INTERPRETED
  ✓ [interpret] O5 INTERPRETED
  ✓ [interpret] N1 INTERPRETED
  ✓ [interpret] N2 INTERPRETED
==> [formalize] formalizing the interpreted claims
  ! [run] pipeline stops after formalize: BLOCKED
==> [verify] frozen closure: clean builds, determinism, provenance
==> [interpret] routing and interpreting the request
  • [classify] routing decision SOFTWARE -> OBLIGATION_PIPELINE
  ✓ [interpret] D1 INTERPRETED
  ✓ [interpret] D2 INTERPRETED
  ✓ [interpret] D3 INTERPRETED
  ✓ [interpret] D4 INTERPRETED
  ✓ [interpret] D5 INTERPRETED
  ✓ [interpret] A1 INTERPRETED
  ✓ [interpret] O1 INTERPRETED
  ✓ [interpret] O2 INTERPRETED
  ✓ [interpret] O3 INTERPRETED
  ✓ [interpret] O4 INTERPRETED
  ✓ [interpret] O5 INTERPRETED
  ✓ [interpret] N1 INTERPRETED
  ✓ [interpret] N2 INTERPRETED
    [run] strict recovery round 1: new package p03-unicode-labels-repair-01; rejected frozen artifacts retained
==> [formalize] formalizing the interpreted claims
    [formalize] elaborating the composed challenge in the sandbox
    [formalize] kernel audit of 4 typed-proposal denotations
    [formalize] kernel replay and export of the challenge
    [formalize] kernel definitional-equality check of 6 DSL denotations
  • [formalize] challenge frozen; contract input root sha256:850c31ef098a…
  ✓ [formalize] D1 FORMALIZED (typed_metadata)
  ✓ [formalize] D2 FORMALIZED (typed_metadata)
  ✓ [formalize] D3 FORMALIZED (typed_metadata)
  ✓ [formalize] D4 FORMALIZED (typed_metadata)
  ✓ [formalize] D5 FORMALIZED (typed_metadata)
  ✓ [formalize] A1 FORMALIZED (typed_metadata)
  ✓ [formalize] O1 FORMALIZED (contract_dsl)
  ✓ [formalize] O2 FORMALIZED (contract_dsl)
  ✓ [formalize] O3 FORMALIZED (contract_dsl)
  ✓ [formalize] O4 FORMALIZED (contract_dsl)
  ✓ [formalize] O5 FORMALIZED (contract_dsl)
  ✓ [formalize] N1 FORMALIZED (typed_metadata)
  ✓ [formalize] N2 FORMALIZED (typed_metadata)
  ✓ [formalize] witness_A1 FORMALIZED (contract_dsl)
==> [prove] searching for proofs of the frozen challenge
==> [accept] isolated acceptance of the proof candidate
    [accept] re-elaborating the frozen challenge in an isolated stage
    [accept] elaborating the proof candidate in the sandbox
    [accept] kernel replay, export, axiom walk and witness extraction
  ✓ [accept] D1 TYPECHECKED PASS
  ✓ [accept] D2 TYPECHECKED PASS
  ✓ [accept] D3 TYPECHECKED PASS
  ✓ [accept] D4 TYPECHECKED PASS
  ✓ [accept] D5 TYPECHECKED PASS
  ✓ [accept] A1 TYPECHECKED PASS
  ✓ [accept] O1 TYPECHECKED PASS
  ✓ [accept] O1 PROVED PASS
  ✓ [accept] O2 TYPECHECKED PASS
  ✓ [accept] O2 PROVED PASS
  ✓ [accept] O3 TYPECHECKED PASS
  ✓ [accept] O3 PROVED PASS
  ✓ [accept] O4 TYPECHECKED PASS
  ✓ [accept] O4 PROVED PASS
  ✓ [accept] O5 TYPECHECKED PASS
  ✓ [accept] O5 PROVED PASS
  ✓ [accept] N1 TYPECHECKED PASS
  ✓ [accept] N2 TYPECHECKED PASS
  ✓ [accept] witness_A1 TYPECHECKED PASS
  ✓ [accept] witness_A1 PROVED PASS
==> [export] reconstructing accepted IR from the accepted environment
  • [export] accepted IR sha256:6fb47146242b… (14 obligations)
==> [review] adversarial review at checkpoint formal_contract
    [review] tier R0: 1 reviewer(s) in parallel
==> [generate] verifying the accepted contract before implementation work
  ✓ [generate] D1 IMPLEMENTED PASS
  ✓ [generate] O1 IMPLEMENTED PASS
  ✓ [generate] O2 IMPLEMENTED PASS
  ✓ [generate] O3 IMPLEMENTED PASS
  ✓ [generate] O4 IMPLEMENTED PASS
  ✓ [generate] O5 IMPLEMENTED PASS
==> [link] structural binding of implementation objects
  ✓ [link] D1 LINKED PASS
  ✓ [link] O1 LINKED PASS
  ✓ [link] O2 LINKED PASS
  ✓ [link] O3 LINKED PASS
  ✓ [link] O4 LINKED PASS
  ✓ [link] O5 LINKED PASS
==> [test] running the frozen Tier 0 campaign on the target artifact
  ✓ [test] O1 TESTED PASS (32 effective, 0 discarded)
  ✓ [test] O2 TESTED PASS (32 effective, 0 discarded)
  ✓ [test] O3 TESTED PASS (32 effective, 0 discarded)
  ✓ [test] O4 TESTED PASS (32 effective, 0 discarded)
  ✓ [test] O5 TESTED PASS (32 effective, 0 discarded)
==> [review] adversarial review at checkpoint release
    [review] tier R0: 1 reviewer(s) in parallel
  ! [run] pipeline stops after review:release: INFRASTRUCTURE_FAILURE
==> [verify] frozen closure: clean builds, determinism, provenance
    [verify] isolated clean build A
    [verify] isolated clean build B
